\BOOKMARK [1][-]{Doc-Start}{\376\377\000I\000n\000t\000r\000o\000d\000u\000c\000t\000i\000o\000n}{}% 1
\BOOKMARK [1][-]{Doc-Start}{\376\377\000P\000r\000o\000b\000l\000e\000m\000\040\000F\000o\000r\000m\000u\000l\000a\000t\000i\000o\000n}{}% 2
\BOOKMARK [1][-]{table.1}{\376\377\000T\000h\000e\000\040\000K\000K\000T\000\040\000S\000y\000s\000t\000e\000m}{}% 3
\BOOKMARK [2][-]{section*.2}{\376\377\000E\000q\000u\000a\000l\000i\000t\000y\000-\000c\000o\000n\000s\000t\000r\000a\000i\000n\000e\000d\000\040\000s\000u\000b\000p\000r\000o\000b\000l\000e\000m}{table.1}% 4
\BOOKMARK [2][-]{section*.2}{\376\377\000N\000o\000n\000s\000i\000n\000g\000u\000l\000a\000r\000i\000t\000y\000\040\000a\000n\000d\000\040\000o\000p\000t\000i\000m\000a\000l\000i\000t\000y}{table.1}% 5
\BOOKMARK [2][-]{section*.2}{\376\377\000S\000p\000e\000c\000t\000r\000a\000l\000\040\000a\000n\000a\000l\000y\000s\000i\000s\000\040\000a\000n\000d\000\040\000M\000I\000N\000R\000E\000S\000\040\000c\000o\000n\000v\000e\000r\000g\000e\000n\000c\000e}{table.1}% 6
\BOOKMARK [2][-]{section*.2}{\376\377\000I\000n\000e\000q\000u\000a\000l\000i\000t\000y\000\040\000c\000o\000n\000s\000t\000r\000a\000i\000n\000t\000s\000\040\000a\000n\000d\000\040\000t\000h\000e\000\040\000a\000c\000t\000i\000v\000e\000\040\000s\000e\000t}{table.1}% 7
\BOOKMARK [1][-]{section*.2}{\376\377\000A\000c\000t\000i\000v\000e\000-\000S\000e\000t\000\040\000M\000e\000t\000h\000o\000d}{}% 8
\BOOKMARK [2][-]{section*.3}{\376\377\000A\000l\000g\000o\000r\000i\000t\000h\000m}{section*.2}% 9
\BOOKMARK [2][-]{section*.3}{\376\377\000I\000m\000p\000l\000e\000m\000e\000n\000t\000a\000t\000i\000o\000n}{section*.2}% 10
\BOOKMARK [1][-]{section*.3}{\376\377\000C\000o\000m\000p\000u\000t\000a\000t\000i\000o\000n\000a\000l\000\040\000M\000e\000t\000h\000o\000d\000s}{}% 11
\BOOKMARK [2][-]{section*.4}{\376\377\000D\000i\000r\000e\000c\000t\000\040\000K\000K\000T\000\040\000S\000o\000l\000v\000e\000r}{section*.3}% 12
\BOOKMARK [2][-]{section*.4}{\376\377\000C\000V\000X\000P\000Y\000\040\000R\000e\000f\000e\000r\000e\000n\000c\000e\000\040\000I\000m\000p\000l\000e\000m\000e\000n\000t\000a\000t\000i\000o\000n}{section*.3}% 13
\BOOKMARK [2][-]{section*.4}{\376\377\000M\000a\000t\000r\000i\000x\000-\000F\000r\000e\000e\000\040\000K\000K\000T\000\040\000O\000p\000e\000r\000a\000t\000o\000r}{section*.3}% 14
\BOOKMARK [3][-]{section*.5}{\376\377\000M\000I\000N\000R\000E\000S}{section*.4}% 15
\BOOKMARK [3][-]{section*.5}{\376\377\000C\000o\000n\000j\000u\000g\000a\000t\000e\000\040\000G\000r\000a\000d\000i\000e\000n\000t\000\040\000i\000n\000\040\000t\000h\000e\000\040\000N\000u\000l\000l\000\040\000S\000p\000a\000c\000e}{section*.4}% 16
\BOOKMARK [1][-]{section*.5}{\376\377\000N\000u\000m\000e\000r\000i\000c\000a\000l\000\040\000R\000e\000s\000u\000l\000t\000s}{}% 17
\BOOKMARK [2][-]{section*.6}{\376\377\000S\000y\000n\000t\000h\000e\000t\000i\000c\000\040\000b\000e\000n\000c\000h\000m\000a\000r\000k}{section*.5}% 18
\BOOKMARK [2][-]{table.7}{\376\377\000S\000c\000a\000l\000i\000n\000g\000\040\000w\000i\000t\000h\000\040\000p\000r\000o\000b\000l\000e\000m\000\040\000s\000i\000z\000e}{section*.5}% 19
\BOOKMARK [2][-]{figure.8}{\376\377\000E\000f\000f\000i\000c\000i\000e\000n\000t\000\040\000f\000r\000o\000n\000t\000i\000e\000r}{section*.5}% 20
\BOOKMARK [2][-]{figure.8}{\376\377\000S\000\046\000P\000\040\0005\0000\0000\000\040\000r\000e\000a\000l\000-\000d\000a\000t\000a\000\040\000b\000e\000n\000c\000h\000m\000a\000r\000k}{section*.5}% 21
\BOOKMARK [1][-]{table.9}{\376\377\000C\000o\000n\000c\000l\000u\000s\000i\000o\000n}{}% 22
\BOOKMARK [1][-]{section*.10}{\376\377\000R\000e\000f\000e\000r\000e\000n\000c\000e\000s}{}% 23
